
> artifact-runtime-ts@0.1.0 dev
> tsx src/server.ts

[runtime] Artifact runtime listening on ws://localhost:8080
[runtime][connection:1] MagicArtifact connected
[runtime][connection:1] Manifest requested: SentimentArtifact
[runtime][connection:1] Manifest sent: SentimentArtifact (4 operation(s))
[runtime][connection:2] MagicArtifact connected
[runtime][connection:2] Manifest requested: TwitterArtifact
[runtime][connection:2] Manifest sent: TwitterArtifact (1 operation(s))
[runtime][connection:1] Operation received: SentimentArtifact.clearReplies (callId=1)
[runtime][connection:1] Operation completed: SentimentArtifact.clearReplies (callId=1; 1 message(s): done=1)
[runtime][connection:1] Operation received: SentimentArtifact.clearResults (callId=2)
[runtime][connection:1] Operation completed: SentimentArtifact.clearResults (callId=2; 3 message(s): clear_observable_properties=2, done=1)
[runtime][connection:2] Operation received: TwitterArtifact.collectTweets (callId=1)
[runtime][connection:2] Operation completed: TwitterArtifact.collectTweets (callId=1; 21 message(s): signal=20, done=1)
[runtime][connection:1] Operation received: SentimentArtifact.addReply (callId=3)
[runtime][connection:1] Operation completed: SentimentArtifact.addReply (callId=3; 1 message(s): done=1)
[runtime][connection:1] Operation received: SentimentArtifact.addReply (callId=4)
[runtime][connection:1] Operation completed: SentimentArtifact.addReply (callId=4; 1 message(s): done=1)
[runtime][connection:1] Operation received: SentimentArtifact.addReply (callId=5)
[runtime][connection:1] Operation completed: SentimentArtifact.addReply (callId=5; 1 message(s): done=1)
[runtime][connection:1] Operation received: SentimentArtifact.addReply (callId=6)
[runtime][connection:1] Operation completed: SentimentArtifact.addReply (callId=6; 1 message(s): done=1)
[runtime][connection:1] Operation received: SentimentArtifact.addReply (callId=7)
[runtime][connection:1] Operation completed: SentimentArtifact.addReply (callId=7; 1 message(s): done=1)
[runtime][connection:1] Operation received: SentimentArtifact.addReply (callId=8)
[runtime][connection:1] Operation completed: SentimentArtifact.addReply (callId=8; 1 message(s): done=1)
[runtime][connection:1] Operation received: SentimentArtifact.addReply (callId=9)
[runtime][connection:1] Operation completed: SentimentArtifact.addReply (callId=9; 1 message(s): done=1)
[runtime][connection:1] Operation received: SentimentArtifact.addReply (callId=10)
[runtime][connection:1] Operation completed: SentimentArtifact.addReply (callId=10; 1 message(s): done=1)
[runtime][connection:1] Operation received: SentimentArtifact.addReply (callId=11)
[runtime][connection:1] Operation completed: SentimentArtifact.addReply (callId=11; 1 message(s): done=1)
[runtime][connection:1] Operation received: SentimentArtifact.addReply (callId=12)
[runtime][connection:1] Operation completed: SentimentArtifact.addReply (callId=12; 1 message(s): done=1)
[runtime][connection:1] Operation received: SentimentArtifact.addReply (callId=13)
[runtime][connection:1] Operation completed: SentimentArtifact.addReply (callId=13; 1 message(s): done=1)
[runtime][connection:1] Operation received: SentimentArtifact.addReply (callId=14)
[runtime][connection:1] Operation completed: SentimentArtifact.addReply (callId=14; 1 message(s): done=1)
[runtime][connection:1] Operation received: SentimentArtifact.addReply (callId=15)
[runtime][connection:1] Operation completed: SentimentArtifact.addReply (callId=15; 1 message(s): done=1)
[runtime][connection:1] Operation received: SentimentArtifact.addReply (callId=16)
[runtime][connection:1] Operation completed: SentimentArtifact.addReply (callId=16; 1 message(s): done=1)
[runtime][connection:1] Operation received: SentimentArtifact.addReply (callId=17)
[runtime][connection:1] Operation completed: SentimentArtifact.addReply (callId=17; 1 message(s): done=1)
[runtime][connection:1] Operation received: SentimentArtifact.addReply (callId=18)
[runtime][connection:1] Operation completed: SentimentArtifact.addReply (callId=18; 1 message(s): done=1)
[runtime][connection:1] Operation received: SentimentArtifact.addReply (callId=19)
[runtime][connection:1] Operation completed: SentimentArtifact.addReply (callId=19; 1 message(s): done=1)
[runtime][connection:1] Operation received: SentimentArtifact.addReply (callId=20)
[runtime][connection:1] Operation completed: SentimentArtifact.addReply (callId=20; 1 message(s): done=1)
[runtime][connection:1] Operation received: SentimentArtifact.analyze (callId=21)
[runtime][connection:1] Operation completed: SentimentArtifact.analyze (callId=21; 23 message(s): clear_observable_properties=2, observable_property=19, signal=1, done=1)
